// Jest Snapshot v1, https://goo.gl/fbAQLP

exports[`<GridTwoColumns /> should render grid with two columns 1`] = `
.c1 {
  max-width: 120rem;
  margin: 0 auto;
  padding: 3.2rem;
}

.c0 {
  background: #FFFFFF;
  color: #0A1128;
  min-height: 100vh;
  display: -webkit-box;
  display: -webkit-flex;
  display: -ms-flexbox;
  display: flex;
  -webkit-align-items: center;
  -webkit-box-align: center;
  -ms-flex-align: center;
  align-items: center;
}

.c5 {
  color: #0A1128;
  font-size: 6.4rem;
  text-transform: uppercase;
}

.c6 {
  font-size: 1.6rem;
}

.c2 {
  display: grid;
  grid-template-columns: 1fr 2fr;
  -webkit-align-items: center;
  -webkit-box-align: center;
  -ms-flex-align: center;
  align-items: center;
  gap: 3.2rem;
}

.c2 .c4 {
  margin-bottom: 3.2rem;
}

@media ((max-width:768px)) {
  .c5 {
    font-size: 4.0rem;
  }
}

@media (max-width:768px) {
  .c2 {
    grid-template-columns: 1fr;
    text-align: center;
  }
}

@media (max-width:768px) {
  .c3 {
    margin-bottom: 3.2rem;
  }
}

<div>
  <div
    class="c0"
  >
    <div
      class="c1"
    >
      <div
        class="c2"
      >
        <div
          class="c3"
        >
          <h1
            class="c4 c5"
          >
            Grid Two Columns
          </h1>
          <div
            class="c6"
          >
            <h1>
              Lorem ipsum dolor sit amet consectetur adipisicing elit.
     Error rem cum dolores corporis reiciendis. Labore, nam magni! Eos 
     facilis esse suscipit rem perferendis ullam, praesentium maiores distinctio 
     ipsum minus reiciendis?
            </h1>
          </div>
        </div>
        <div
          class=""
        >
          <img
            alt="Grid Two Columns"
            class=""
            src="assets/images/javascript.svg"
          />
        </div>
      </div>
    </div>
  </div>
</div>
`;
